SQL> SET PAGESIZE 200 LINESIZE 200
SQL> SELECT *
  2  FROM EMP;

     EMPNO ENAME      JOB              MGR HIREDATE         SAL       COMM     DEPTNO                                                                                                                   
---------- ---------- --------- ---------- --------- ---------- ---------- ----------                                                                                                                   
      7369 SMITH      CLERK           7902 17-DEC-80        800                    20                                                                                                                   
      7499 ALLEN      SALESMAN        7698 20-FEB-81       1600        300         30                                                                                                                   
      7521 WARD       SALESMAN        7698 22-FEB-81       1250        500         30                                                                                                                   
      7566 JONES      MANAGER         7839 02-APR-81       2975                    20                                                                                                                   
      7654 MARTIN     SALESMAN        7698 28-SEP-81       1250       1400         30                                                                                                                   
      7698 BLAKE      MANAGER         7839 01-MAY-81       2850                    30                                                                                                                   
      7782 CLARK      MANAGER         7839 09-JUN-81       2450                    10                                                                                                                   
      7788 SCOTT      ANALYST         7566 19-APR-87       3000                    20                                                                                                                   
      7839 KING       PRESIDENT            17-NOV-81       5000                    10                                                                                                                   
      7844 TURNER     SALESMAN        7698 08-SEP-81       1500          0         30                                                                                                                   
      7876 ADAMS      CLERK           7788 23-MAY-87       1100                    20                                                                                                                   
      7900 JAMES      CLERK           7698 03-DEC-81        950                    30                                                                                                                   
      7902 FORD       ANALYST         7566 03-DEC-81       3000                    20                                                                                                                   
      7934 MILLER     CLERK           7782 23-JAN-82       1300                    10                                                                                                                   

14 rows selected.

SQL> SELECT DEPTNO,COUNT(*)
  2  FROM EMP
  3  GROUP BY DEPTNO
  4  HAVING SUM(JOB);
HAVING SUM(JOB)
              *
ERROR at line 4:
ORA-00920: invalid relational operator 


SQL> ED
Wrote file afiedt.buf

  1  SELECT DEPTNO,COUNT(*)
  2  FROM EMP
  3  WHEN JOB="CLERK"
  4  GROUP BY DEPTNO
  5* HAVING SUM(JOB)>3
SQL> /
WHEN JOB="CLERK"
     *
ERROR at line 3:
ORA-00933: SQL command not properly ended 


SQL> ED
Wrote file afiedt.buf

  1  SELECT DEPTNO,SUM(SAL)
  2  FROM EMP
  3  WHEN SUM(SAL)>1200
  4  GROUP BY DEPTNO
  5* HAVING COUNT(EMP)>4
SQL> /
WHEN SUM(SAL)>1200
     *
ERROR at line 3:
ORA-00933: SQL command not properly ended 


SQL> ED
Wrote file afiedt.buf

  1  SELECT DEPTNO,SUM(SAL)
  2  FROM EMP
  3  GROUP BY DEPTNO
  4* HAVING COUNT(*)>4
SQL> /

    DEPTNO   SUM(SAL)                                                                                                                                                                                   
---------- ----------                                                                                                                                                                                   
        30       9400                                                                                                                                                                                   
        20      10875                                                                                                                                                                                   

SQL> ED
Wrote file afiedt.buf

  1  SELECT COUNT(*),JOB,SUM(SAL)
  2  FROM EMP
  3  WHERE SAL>1200
  4  GROUP BY JOB
  5* HAVING SUM(SAL)>3800
SQL> /

  COUNT(*) JOB         SUM(SAL)                                                                                                                                                                         
---------- --------- ----------                                                                                                                                                                         
         4 SALESMAN        5600                                                                                                                                                                         
         1 PRESIDENT       5000                                                                                                                                                                         
         3 MANAGER         8275                                                                                                                                                                         
         2 ANALYST         6000                                                                                                                                                                         

SQL> ED
Wrote file afiedt.buf

  1  SELECT DEPTNO,COUNT(*)
  2  FROM EMP
  3  WHERE COUNT(*)=2
  4  GROUP BY DEPTNO
  5* HAVING JOB='MANAGER'
SQL> /
WHERE COUNT(*)=2
      *
ERROR at line 3:
ORA-00934: group function is not allowed here 


SQL> ED
Wrote file afiedt.buf

  1  SELECT DEPTNO,COUNT(*)
  2  FROM EMP
  3  WHERE JOB='MANAGER'
  4  GROUP BY DEPTNO
  5* HAVING   COUNT(*)=2
SQL> /

no rows selected

SQL> ED
Wrote file afiedt.buf

  1  SELECT DEPTNO,COUNT(*)
  2  FROM EMP
  3  WHERE JOB='MANAGER'
  4  GROUP BY DEPTNO
  5* HAVING COUNT(*)=2
SQL> /

no rows selected

SQL> ED
Wrote file afiedt.buf

  1  SELECT DEPTNO,COUNT(*)
  2  FROM EMP
  3  WHERE JOB='MANAGER'
  4  GROUP BY DEPTNO
  5* HAVING COUNT(*)>2
SQL> /

no rows selected

SQL> ED
Wrote file afiedt.buf

  1  SELECT JOB,MAX(SAL)
  2  FROM EMP
  3  GROUP BY JOB
  4* HAVING MAX(SAL)>2600
SQL> /

JOB         MAX(SAL)                                                                                                                                                                                    
--------- ----------                                                                                                                                                                                    
PRESIDENT       5000                                                                                                                                                                                    
MANAGER         2975                                                                                                                                                                                    
ANALYST         3000                                                                                                                                                                                    

SQL> ED
Wrote file afiedt.buf

  1  SELECT COUNT(*),SAL
  2  FROM EMP
  3* GROUP BY SAL
SQL> /

  COUNT(*)        SAL                                                                                                                                                                                   
---------- ----------                                                                                                                                                                                   
         1       2450                                                                                                                                                                                   
         1       5000                                                                                                                                                                                   
         1       1300                                                                                                                                                                                   
         2       1250                                                                                                                                                                                   
         1       2850                                                                                                                                                                                   
         1       2975                                                                                                                                                                                   
         1       1100                                                                                                                                                                                   
         2       3000                                                                                                                                                                                   
         1        800                                                                                                                                                                                   
         1       1600                                                                                                                                                                                   
         1       1500                                                                                                                                                                                   
         1        950                                                                                                                                                                                   

12 rows selected.

SQL> ED
Wrote file afiedt.buf

  1  SELECT COUNT(*),HIREDATE
  2  FROM EMP
  3* GROUP BY HIREDATE
SQL> /

  COUNT(*) HIREDATE                                                                                                                                                                                     
---------- ---------                                                                                                                                                                                    
         1 23-MAY-87                                                                                                                                                                                    
         1 17-NOV-81                                                                                                                                                                                    
         2 03-DEC-81                                                                                                                                                                                    
         1 23-JAN-82                                                                                                                                                                                    
         1 22-FEB-81                                                                                                                                                                                    
         1 17-DEC-80                                                                                                                                                                                    
         1 09-JUN-81                                                                                                                                                                                    
         1 20-FEB-81                                                                                                                                                                                    
         1 02-APR-81                                                                                                                                                                                    
         1 19-APR-87                                                                                                                                                                                    
         1 01-MAY-81                                                                                                                                                                                    
         1 08-SEP-81                                                                                                                                                                                    
         1 28-SEP-81                                                                                                                                                                                    

13 rows selected.

SQL> ED
Wrote file afiedt.buf

  1  SELECT COUNT(*),HIREDATE
  2  FROM EMP
  3* GROUP BY HIREDATE=>2
SQL> /
GROUP BY HIREDATE=>2
                 *
ERROR at line 3:
ORA-00933: SQL command not properly ended 


SQL> ED
Wrote file afiedt.buf

  1  SELECT COUNT(*),HIREDATE
  2  FROM EMP
  3* GROUP BY HIREDATE>=2
SQL> /
GROUP BY HIREDATE>=2
                 *
ERROR at line 3:
ORA-00933: SQL command not properly ended 


SQL> ED
Wrote file afiedt.buf

  1  SELECT COUNT(*),HIREDATE
  2  FROM EMP
  3* GROUP BY HIREDATE>2
SQL> /
GROUP BY HIREDATE>2
                 *
ERROR at line 3:
ORA-00933: SQL command not properly ended 


SQL> ED
Wrote file afiedt.buf

  1  SELECT COUNT(*),HIREDATE
  2  FROM EMP
  3* GROUP BY HIREDATE>1
SQL> /
GROUP BY HIREDATE>1
                 *
ERROR at line 3:
ORA-00933: SQL command not properly ended 


SQL> ED
Wrote file afiedt.buf

  1  SELECT COUNT(*),HIREDATE
  2  FROM EMP
  3  GROUP BY HIREDATE
  4* HAVING COUNT(*)>1
SQL> /

  COUNT(*) HIREDATE                                                                                                                                                                                     
---------- ---------                                                                                                                                                                                    
         2 03-DEC-81                                                                                                                                                                                    

SQL> SELECT AVG(SAL),DEPTNO
  2  FROM EMP
  3  GROUP BY DEPTNO
  4  HAVING AVG(SAL)<3000;

  AVG(SAL)     DEPTNO                                                                                                                                                                                   
---------- ----------                                                                                                                                                                                   
1566.66667         30                                                                                                                                                                                   
      2175         20                                                                                                                                                                                   
2916.66667         10                                                                                                                                                                                   

SQL> ED
Wrote file afiedt.buf

  1  SELECT COUNT(*),DEPTNO
  2  FROM EMP
  3  WHERE COUNT(*)>3
  4  GROUP BY DEPTNO
  5* HAVING ENAME LIKE '%A%' OR  ENAME LIKE '%S%'
SQL> /
WHERE COUNT(*)>3
      *
ERROR at line 3:
ORA-00934: group function is not allowed here 


SQL> ED
Wrote file afiedt.buf

  1  SELECT COUNT(*),DEPTNO
  2  FROM EMP
  3  WHERE COUNT(*)>2
  4  GROUP BY DEPTNO
  5* HAVING ENAME LIKE '%A%' OR  ENAME LIKE '%S%'
SQL> /
WHERE COUNT(*)>2
      *
ERROR at line 3:
ORA-00934: group function is not allowed here 


SQL> ED
Wrote file afiedt.buf

  1  SELECT COUNT(*),DEPTNO
  2  FROM EMP
  3  WHERE  ENAME LIKE '%A%' OR  ENAME LIKE '%S%'
  4  GROUP BY DEPTNO
  5* HAVING COUNT(*)>2
SQL> /

  COUNT(*)     DEPTNO                                                                                                                                                                                   
---------- ----------                                                                                                                                                                                   
         5         30                                                                                                                                                                                   
         4         20                                                                                                                                                                                   

SQL> ED
Wrote file afiedt.buf

  1  SELECT MIN(SAL),MAX(SAL),JOB
  2  FROM EMP
  3  WHERE MIN(SAL)>1000 AND MAX(SAL)<5000
  4* GROUP JOB
SQL> /
WHERE MIN(SAL)>1000 AND MAX(SAL)<5000
      *
ERROR at line 3:
ORA-00934: group function is not allowed here 


SQL> ED
Wrote file afiedt.buf

  1  SELECT MIN(SAL),MAX(SAL),JOB
  2  FROM EMP
  3  WHERE MIN(SAL)>1000 AND MAX(SAL)<5000
  4* GROUP BY JOB
  5  /
WHERE MIN(SAL)>1000 AND MAX(SAL)<5000
      *
ERROR at line 3:
ORA-00934: group function is not allowed here 


SQL> ED
Wrote file afiedt.buf

  1  SELECT MIN(SAL),MAX(SAL),JOB
  2  FROM EMP
  3  GROUP BY JOB
  4* HAVING  MIN(SAL)>1000 AND MAX(SAL)<5000
SQL> /

  MIN(SAL)   MAX(SAL) JOB                                                                                                                                                                               
---------- ---------- ---------                                                                                                                                                                         
      1250       1600 SALESMAN                                                                                                                                                                          
      2450       2975 MANAGER                                                                                                                                                                           
      3000       3000 ANALYST                                                                                                                                                                           

SQL> SPOOL OFF
