SQL> SELECT ENAME,SAL*12 "ANNUAL SALARY"
  2  FROM EMP;

ENAME      ANNUAL SALARY                                                                                                                                                                                
---------- -------------                                                                                                                                                                                
SMITH               9600                                                                                                                                                                                
ALLEN              19200                                                                                                                                                                                
WARD               15000                                                                                                                                                                                
JONES              35700                                                                                                                                                                                
MARTIN             15000                                                                                                                                                                                
BLAKE              34200                                                                                                                                                                                
CLARK              29400                                                                                                                                                                                
SCOTT              36000                                                                                                                                                                                
KING               60000                                                                                                                                                                                
TURNER             18000                                                                                                                                                                                
ADAMS              13200                                                                                                                                                                                
JAMES              11400                                                                                                                                                                                
FORD               36000                                                                                                                                                                                
MILLER             15600                                                                                                                                                                                

14 rows selected.

SQL> ED
Wrote file afiedt.buf

  1  SELECT ENAME,JOB,SAL/2 "HALF_TERM_SALARY"
  2* FROM EMP
SQL> /

ENAME      JOB       HALF_TERM_SALARY                                                                                                                                                                   
---------- --------- ----------------                                                                                                                                                                   
SMITH      CLERK                  400                                                                                                                                                                   
ALLEN      SALESMAN               800                                                                                                                                                                   
WARD       SALESMAN               625                                                                                                                                                                   
JONES      MANAGER             1487.5                                                                                                                                                                   
MARTIN     SALESMAN               625                                                                                                                                                                   
BLAKE      MANAGER               1425                                                                                                                                                                   
CLARK      MANAGER               1225                                                                                                                                                                   
SCOTT      ANALYST               1500                                                                                                                                                                   
KING       PRESIDENT             2500                                                                                                                                                                   
TURNER     SALESMAN               750                                                                                                                                                                   
ADAMS      CLERK                  550                                                                                                                                                                   
JAMES      CLERK                  475                                                                                                                                                                   
FORD       ANALYST               1500                                                                                                                                                                   
MILLER     CLERK                  650                                                                                                                                                                   

14 rows selected.

SQL> ED
Wrote file afiedt.buf

  1  SELECT EMP.*,SAL*12+2000 "ANNUAL_SALARY"
  2* FROM EMP
SQL> /

     EMPNO ENAME      JOB              MGR HIREDATE         SAL       COMM     DEPTNO ANNUAL_SALARY                                                                                                     
---------- ---------- --------- ---------- --------- ---------- ---------- ---------- -------------                                                                                                     
      7369 SMITH      CLERK           7902 17-DEC-80        800                    20         11600                                                                                                     
      7499 ALLEN      SALESMAN        7698 20-FEB-81       1600        300         30         21200                                                                                                     
      7521 WARD       SALESMAN        7698 22-FEB-81       1250        500         30         17000                                                                                                     
      7566 JONES      MANAGER         7839 02-APR-81       2975                    20         37700                                                                                                     
      7654 MARTIN     SALESMAN        7698 28-SEP-81       1250       1400         30         17000                                                                                                     
      7698 BLAKE      MANAGER         7839 01-MAY-81       2850                    30         36200                                                                                                     
      7782 CLARK      MANAGER         7839 09-JUN-81       2450                    10         31400                                                                                                     
      7788 SCOTT      ANALYST         7566 19-APR-87       3000                    20         38000                                                                                                     
      7839 KING       PRESIDENT            17-NOV-81       5000                    10         62000                                                                                                     
      7844 TURNER     SALESMAN        7698 08-SEP-81       1500          0         30         20000                                                                                                     
      7876 ADAMS      CLERK           7788 23-MAY-87       1100                    20         15200                                                                                                     
      7900 JAMES      CLERK           7698 03-DEC-81        950                    30         13400                                                                                                     
      7902 FORD       ANALYST         7566 03-DEC-81       3000                    20         38000                                                                                                     
      7934 MILLER     CLERK           7782 23-JAN-82       1300                    10         17600                                                                                                     

14 rows selected.

SQL> ED
Wrote file afiedt.buf

  1  SELECT ENAME,SAL+1000
  2* FROM EMP
SQL> /

ENAME        SAL+1000                                                                                                                                                                                   
---------- ----------                                                                                                                                                                                   
SMITH            1800                                                                                                                                                                                   
ALLEN            2600                                                                                                                                                                                   
WARD             2250                                                                                                                                                                                   
JONES            3975                                                                                                                                                                                   
MARTIN           2250                                                                                                                                                                                   
BLAKE            3850                                                                                                                                                                                   
CLARK            3450                                                                                                                                                                                   
SCOTT            4000                                                                                                                                                                                   
KING             6000                                                                                                                                                                                   
TURNER           2500                                                                                                                                                                                   
ADAMS            2100                                                                                                                                                                                   
JAMES            1950                                                                                                                                                                                   
FORD             4000                                                                                                                                                                                   
MILLER           2300                                                                                                                                                                                   

14 rows selected.

SQL> ED
Wrote file afiedt.buf

  1  SELECT  NVL(SAL+COMM) "TOTAL_SALARY
  2* FROM EMP
SQL> /
ERROR:
ORA-01740: missing double quote in identifier 


SQL> ED
Wrote file afiedt.buf

  1  SELECT  SAL+NVL(COMM) "TOTAL_SALARY
  2* FROM EMP
SQL> /
ERROR:
ORA-01740: missing double quote in identifier 


SQL> ED
Wrote file afiedt.buf

  1  SELECT  SAL+NVL(COMM,0) "TOTAL_SALARY
  2* FROM EMP
SQL> /
ERROR:
ORA-01740: missing double quote in identifier 


SQL> ED
Wrote file afiedt.buf

  1  SELECT  SAL+NVL(COMM,0) "TOTAL_SALARY"
  2* FROM EMP
SQL> /

TOTAL_SALARY                                                                                                                                                                                            
------------                                                                                                                                                                                            
         800                                                                                                                                                                                            
        1900                                                                                                                                                                                            
        1750                                                                                                                                                                                            
        2975                                                                                                                                                                                            
        2650                                                                                                                                                                                            
        2850                                                                                                                                                                                            
        2450                                                                                                                                                                                            
        3000                                                                                                                                                                                            
        5000                                                                                                                                                                                            
        1500                                                                                                                                                                                            
        1100                                                                                                                                                                                            
         950                                                                                                                                                                                            
        3000                                                                                                                                                                                            
        1300                                                                                                                                                                                            

14 rows selected.

SQL> ED
Wrote file afiedt.buf

  1  SELECT  ENAME,SAL-SAL*25/100
  2* FROM EMP
SQL> /

ENAME      SAL-SAL*25/100                                                                                                                                                                               
---------- --------------                                                                                                                                                                               
SMITH                 600                                                                                                                                                                               
ALLEN                1200                                                                                                                                                                               
WARD                937.5                                                                                                                                                                               
JONES             2231.25                                                                                                                                                                               
MARTIN              937.5                                                                                                                                                                               
BLAKE              2137.5                                                                                                                                                                               
CLARK              1837.5                                                                                                                                                                               
SCOTT                2250                                                                                                                                                                               
KING                 3750                                                                                                                                                                               
TURNER               1125                                                                                                                                                                               
ADAMS                 825                                                                                                                                                                               
JAMES               712.5                                                                                                                                                                               
FORD                 2250                                                                                                                                                                               
MILLER                975                                                                                                                                                                               

14 rows selected.

SQL> ED
Wrote file afiedt.buf

  1  SELECT  ENAME,SAL+50
  2* FROM EMP
SQL> /

ENAME          SAL+50                                                                                                                                                                                   
---------- ----------                                                                                                                                                                                   
SMITH             850                                                                                                                                                                                   
ALLEN            1650                                                                                                                                                                                   
WARD             1300                                                                                                                                                                                   
JONES            3025                                                                                                                                                                                   
MARTIN           1300                                                                                                                                                                                   
BLAKE            2900                                                                                                                                                                                   
CLARK            2500                                                                                                                                                                                   
SCOTT            3050                                                                                                                                                                                   
KING             5050                                                                                                                                                                                   
TURNER           1550                                                                                                                                                                                   
ADAMS            1150                                                                                                                                                                                   
JAMES            1000                                                                                                                                                                                   
FORD             3050                                                                                                                                                                                   
MILLER           1350                                                                                                                                                                                   

14 rows selected.

SQL> ED
Wrote file afiedt.buf

  1  SELECT  ENAME,SAL-SAL*10/100
  2* FROM EMP
SQL> /

ENAME      SAL-SAL*10/100                                                                                                                                                                               
---------- --------------                                                                                                                                                                               
SMITH                 720                                                                                                                                                                               
ALLEN                1440                                                                                                                                                                               
WARD                 1125                                                                                                                                                                               
JONES              2677.5                                                                                                                                                                               
MARTIN               1125                                                                                                                                                                               
BLAKE                2565                                                                                                                                                                               
CLARK                2205                                                                                                                                                                               
SCOTT                2700                                                                                                                                                                               
KING                 4500                                                                                                                                                                               
TURNER               1350                                                                                                                                                                               
ADAMS                 990                                                                                                                                                                               
JAMES                 855                                                                                                                                                                               
FORD                 2700                                                                                                                                                                               
MILLER               1170                                                                                                                                                                               

14 rows selected.

SQL> ED
Wrote file afiedt.buf

  1  SELECT  EMP.*,SAL*12 "ANNUAL SALARY"
  2* FROM EMP
SQL> /

     EMPNO ENAME      JOB              MGR HIREDATE         SAL       COMM     DEPTNO ANNUAL SALARY                                                                                                     
---------- ---------- --------- ---------- --------- ---------- ---------- ---------- -------------                                                                                                     
      7369 SMITH      CLERK           7902 17-DEC-80        800                    20          9600                                                                                                     
      7499 ALLEN      SALESMAN        7698 20-FEB-81       1600        300         30         19200                                                                                                     
      7521 WARD       SALESMAN        7698 22-FEB-81       1250        500         30         15000                                                                                                     
      7566 JONES      MANAGER         7839 02-APR-81       2975                    20         35700                                                                                                     
      7654 MARTIN     SALESMAN        7698 28-SEP-81       1250       1400         30         15000                                                                                                     
      7698 BLAKE      MANAGER         7839 01-MAY-81       2850                    30         34200                                                                                                     
      7782 CLARK      MANAGER         7839 09-JUN-81       2450                    10         29400                                                                                                     
      7788 SCOTT      ANALYST         7566 19-APR-87       3000                    20         36000                                                                                                     
      7839 KING       PRESIDENT            17-NOV-81       5000                    10         60000                                                                                                     
      7844 TURNER     SALESMAN        7698 08-SEP-81       1500          0         30         18000                                                                                                     
      7876 ADAMS      CLERK           7788 23-MAY-87       1100                    20         13200                                                                                                     
      7900 JAMES      CLERK           7698 03-DEC-81        950                    30         11400                                                                                                     
      7902 FORD       ANALYST         7566 03-DEC-81       3000                    20         36000                                                                                                     
      7934 MILLER     CLERK           7782 23-JAN-82       1300                    10         15600                                                                                                     

14 rows selected.

SQL> ED
Wrote file afiedt.buf

  1  SELECT  ENAME,JOB,SAL-100
  2* FROM EMP
SQL> /

ENAME      JOB          SAL-100                                                                                                                                                                         
---------- --------- ----------                                                                                                                                                                         
SMITH      CLERK            700                                                                                                                                                                         
ALLEN      SALESMAN        1500                                                                                                                                                                         
WARD       SALESMAN        1150                                                                                                                                                                         
JONES      MANAGER         2875                                                                                                                                                                         
MARTIN     SALESMAN        1150                                                                                                                                                                         
BLAKE      MANAGER         2750                                                                                                                                                                         
CLARK      MANAGER         2350                                                                                                                                                                         
SCOTT      ANALYST         2900                                                                                                                                                                         
KING       PRESIDENT       4900                                                                                                                                                                         
TURNER     SALESMAN        1400                                                                                                                                                                         
ADAMS      CLERK           1000                                                                                                                                                                         
JAMES      CLERK            850                                                                                                                                                                         
FORD       ANALYST         2900                                                                                                                                                                         
MILLER     CLERK           1200                                                                                                                                                                         

14 rows selected.

SQL> SPOOL OFF
