SQL> SELECT ENAME,SAL+COMM
  2  FROM EMP;

ENAME        SAL+COMM                                                                                                                                                                                   
---------- ----------                                                                                                                                                                                   
SMITH                                                                                                                                                                                                   
ALLEN            1900                                                                                                                                                                                   
WARD             1750                                                                                                                                                                                   
JONES                                                                                                                                                                                                   
MARTIN           2650                                                                                                                                                                                   
BLAKE                                                                                                                                                                                                   
CLARK                                                                                                                                                                                                   
SCOTT                                                                                                                                                                                                   
KING                                                                                                                                                                                                    
TURNER           1500                                                                                                                                                                                   
ADAMS                                                                                                                                                                                                   
JAMES                                                                                                                                                                                                   
FORD                                                                                                                                                                                                    
MILLER                                                                                                                                                                                                  

14 rows selected.

SQL> ED
Wrote file afiedt.buf

  1  SELECT ENAME,SAL+COMM AS "TOTAL_SAL"
  2* FROM EMP
SQL> /

ENAME       TOTAL_SAL                                                                                                                                                                                   
---------- ----------                                                                                                                                                                                   
SMITH                                                                                                                                                                                                   
ALLEN            1900                                                                                                                                                                                   
WARD             1750                                                                                                                                                                                   
JONES                                                                                                                                                                                                   
MARTIN           2650                                                                                                                                                                                   
BLAKE                                                                                                                                                                                                   
CLARK                                                                                                                                                                                                   
SCOTT                                                                                                                                                                                                   
KING                                                                                                                                                                                                    
TURNER           1500                                                                                                                                                                                   
ADAMS                                                                                                                                                                                                   
JAMES                                                                                                                                                                                                   
FORD                                                                                                                                                                                                    
MILLER                                                                                                                                                                                                  

14 rows selected.

SQL> ED
Wrote file afiedt.buf

  1  SELECT ENAME,SAL+ NVL(COMM,0) AS "TOTAL_SAL"
  2* FROM EMP
SQL> /

ENAME       TOTAL_SAL                                                                                                                                                                                   
---------- ----------                                                                                                                                                                                   
SMITH             800                                                                                                                                                                                   
ALLEN            1900                                                                                                                                                                                   
WARD             1750                                                                                                                                                                                   
JONES            2975                                                                                                                                                                                   
MARTIN           2650                                                                                                                                                                                   
BLAKE            2850                                                                                                                                                                                   
CLARK            2450                                                                                                                                                                                   
SCOTT            3000                                                                                                                                                                                   
KING             5000                                                                                                                                                                                   
TURNER           1500                                                                                                                                                                                   
ADAMS            1100                                                                                                                                                                                   
JAMES             950                                                                                                                                                                                   
FORD             3000                                                                                                                                                                                   
MILLER           1300                                                                                                                                                                                   

14 rows selected.

SQL>  ed
Wrote file afiedt.buf

  1  SELECT *,SAL+ NVL(COMM,0) AS "TOTAL_SAL"
  2* FROM EMP
  3  /
SELECT *,SAL+ NVL(COMM,0) AS "TOTAL_SAL"
        *
ERROR at line 1:
ORA-00923: FROM keyword not found where expected 


SQL> ED
Wrote file afiedt.buf

  1  SELECT EMP.*,SAL+ NVL(COMM,0) AS "TOTAL_SAL"
  2* FROM EMP
SQL> /

     EMPNO ENAME      JOB              MGR HIREDATE         SAL       COMM     DEPTNO  TOTAL_SAL                                                                                                        
---------- ---------- --------- ---------- --------- ---------- ---------- ---------- ----------                                                                                                        
      7369 SMITH      CLERK           7902 17-DEC-80        800                    20        800                                                                                                        
      7499 ALLEN      SALESMAN        7698 20-FEB-81       1600        300         30       1900                                                                                                        
      7521 WARD       SALESMAN        7698 22-FEB-81       1250        500         30       1750                                                                                                        
      7566 JONES      MANAGER         7839 02-APR-81       2975                    20       2975                                                                                                        
      7654 MARTIN     SALESMAN        7698 28-SEP-81       1250       1400         30       2650                                                                                                        
      7698 BLAKE      MANAGER         7839 01-MAY-81       2850                    30       2850                                                                                                        
      7782 CLARK      MANAGER         7839 09-JUN-81       2450                    10       2450                                                                                                        
      7788 SCOTT      ANALYST         7566 19-APR-87       3000                    20       3000                                                                                                        
      7839 KING       PRESIDENT            17-NOV-81       5000                    10       5000                                                                                                        
      7844 TURNER     SALESMAN        7698 08-SEP-81       1500          0         30       1500                                                                                                        
      7876 ADAMS      CLERK           7788 23-MAY-87       1100                    20       1100                                                                                                        
      7900 JAMES      CLERK           7698 03-DEC-81        950                    30        950                                                                                                        
      7902 FORD       ANALYST         7566 03-DEC-81       3000                    20       3000                                                                                                        
      7934 MILLER     CLERK           7782 23-JAN-82       1300                    10       1300                                                                                                        

14 rows selected.

SQL> SELECT SAL-SAL*0.2
  2  FROM EMP;

SAL-SAL*0.2                                                                                                                                                                                             
-----------                                                                                                                                                                                             
        640                                                                                                                                                                                             
       1280                                                                                                                                                                                             
       1000                                                                                                                                                                                             
       2380                                                                                                                                                                                             
       1000                                                                                                                                                                                             
       2280                                                                                                                                                                                             
       1960                                                                                                                                                                                             
       2400                                                                                                                                                                                             
       4000                                                                                                                                                                                             
       1200                                                                                                                                                                                             
        880                                                                                                                                                                                             
        760                                                                                                                                                                                             
       2400                                                                                                                                                                                             
       1040                                                                                                                                                                                             

14 rows selected.

SQL> SELECT *
  2  FROM STUDENT
  3  ;
FROM STUDENT
     *
ERROR at line 2:
ORA-00942: table or view does not exist 


SQL> 
SQL> ED
Wrote file afiedt.buf

  1  SELECT *
  2* FROM STUDENTS
  3  /
FROM STUDENTS
     *
ERROR at line 2:
ORA-00942: table or view does not exist 


SQL> SELECT *
  2  FROM EMP
  3  WHERE JOB="MANAGER";
WHERE JOB="MANAGER"
          *
ERROR at line 3:
ORA-00904: "MANAGER": invalid identifier 


SQL> ED
Wrote file afiedt.buf

  1  SELECT *
  2  FROM EMP
  3* WHERE JOB='MANAGER'
SQL> /

     EMPNO ENAME      JOB              MGR HIREDATE         SAL       COMM     DEPTNO                                                                                                                   
---------- ---------- --------- ---------- --------- ---------- ---------- ----------                                                                                                                   
      7566 JONES      MANAGER         7839 02-APR-81       2975                    20                                                                                                                   
      7698 BLAKE      MANAGER         7839 01-MAY-81       2850                    30                                                                                                                   
      7782 CLARK      MANAGER         7839 09-JUN-81       2450                    10                                                                                                                   

SQL> SPOOL OFF
